// Jest Snapshot v1, https://goo.gl/fbAQLP

exports[`NavBar Deve renderizar o componente normalmente 1`] = `
<article
  data-testid="nav-bar"
>
  <nav
    class="navigation"
  >
    <a
      class="brand-name"
      data-testid="go-dev-logo"
      href="/"
    >
      <img
        alt="Logo Go Dev"
        class="logo-image"
        src="go-dev-logo.png"
      />
    </a>
    <button
      class="hamburger"
    >
      <svg
        class="h-5 w-5"
        fill="white"
        viewBox="0 0 20 20"
        xmlns="http://www.w3.org/2000/svg"
      >
        <path
          clip-rule="evenodd"
          d="M3 5a1 1 0 011-1h12a1 1 0 110 2H4a1 1 0 01-1-1zM3 10a1 1 0 011-1h12a1 1 0 110 2H4a1 1 0 01-1-1zM9 15a1 1 0 011-1h6a1 1 0 110 2h-6a1 1 0 01-1-1z"
          fill-rule="evenodd"
        />
      </svg>
    </button>
    <div
      class="navigation-menu"
    >
      <ul>
        <li
          class=""
        >
          <a
            href="/trilhas"
            role="link"
          >
            Trilhas
          </a>
        </li>
        <li
          class=""
        >
          <a
            href="/certificados"
            role="link"
          >
            Certificados
          </a>
        </li>
      </ul>
    </div>
  </nav>
</article>
`;
